// Jest Snapshot v1, https://goo.gl/fbAQLP

exports[`Spinner should render as expected 1`] = `
<div
  className=""
>
  <div
    className="spinner-border  "
    id="colorContainer"
    role="status"
    style={
      Object {
        "color": "blue",
      }
    }
  >
    <span
      className="sr-only"
    >
      Loading...
    </span>
  </div>
</div>
`;
